// Jest Snapshot v1, https://goo.gl/fbAQLP

exports[`renders correctly 1`] = `
<a
  className="normal"
  href="kennesy"
  onMouseEnter={[Function]}
  onMouseLeave={[Function]}
/>
`;
